// Jest Snapshot v1, https://goo.gl/fbAQLP

exports[`StoreLocator renders correctly 1`] = `
<div>
  <div
    className="Header"
  >
    <img
      alt="Espresso House"
      src="images/coffee_shop.png"
    />
  </div>
  <div />
  <div
    className="MapBox"
  >
    <img
      alt={undefined}
      src="images/none.png"
    />
  </div>
</div>
`;
